
> react-vite-tailwind@0.0.0 test
> vitest run --run


[1m[46m RUN [49m[22m [36mv4.1.2 [39m[90mC:/Users/K4G3/Documents/GitHub/kurirdev[39m

 [31mΓ¥»[39m src/lib/calcEarning.test.ts [2m([22m[2m10 tests[22m[2m | [22m[31m2 failed[39m[2m)[22m[32m 42[2mms[22m[39m
       [32mΓ£ô[39m should give 100% fee to courier if total_fee <= threshold[32m 5[2mms[22m[39m
       [32mΓ£ô[39m should give percentage fee to courier if total_fee > threshold[32m 1[2mms[22m[39m
       [32mΓ£ô[39m should prioritize applied_commission_rate from order snapshot[32m 1[2mms[22m[39m
       [32mΓ£ô[39m should prioritize applied_commission_threshold from order snapshot[32m 1[2mms[22m[39m
       [32mΓ£ô[39m should add extraTitik and extraBeban to the total[32m 1[2mms[22m[39m
       [32mΓ£ô[39m should handle zero extra fees properly[32m 1[2mms[22m[39m
       [32mΓ£ô[39m should return 0 if total_fee <= threshold[32m 1[2mms[22m[39m
[31m       [31m├ù[31m should return remaining percentage if total_fee > threshold[39m[32m 23[2mms[22m[39m
       [32mΓ£ô[39m should prioritize snapshot rate and threshold[32m 1[2mms[22m[39m
[31m       [31m├ù[31m should not include extra courier fees in admin earning[39m[32m 3[2mms[22m[39m
 [32mΓ£ô[39m src/utils/formatter.test.ts [2m([22m[2m4 tests[22m[2m)[22m[32m 91[2mms[22m[39m
 [32mΓ£ô[39m src/utils/date.test.ts [2m([22m[2m13 tests[22m[2m)[22m[32m 203[2mms[22m[39m
node.exe : 
At line:1 char:1
+ & "C:\Program Files\nodejs/node.exe" "C:\Program Files\nodejs/node_mo ...
+ ~~~~~~~~~~~~~~~~~~~~~~~~~~~~~~~~~~~~~~~~~~~~~~~~~~~~~~~~~~~~~~~~~~~~~
    + CategoryInfo          : NotSpecified: (:String) [], RemoteException
    + FullyQualifiedErrorId : NativeCommandError
 
[31mΓÄ»ΓÄ»ΓÄ»ΓÄ»ΓÄ»ΓÄ»ΓÄ»[39m[1m[41m Failed Tests 2 [49m[22m[31mΓÄ»ΓÄ»ΓÄ»ΓÄ»ΓÄ»ΓÄ»ΓÄ»[39m

[41m[1m FAIL [22m[49m src/lib/calcEarning.test.ts[2m > [22mcalcEarning Logic[2m > [22mcalcAdminEarning[2m > [22mshould return remaining percentage if total_fee > threshold
[31m[1mAssertionError[22m: expected 3999.999999999999 to be 4000 // Object.is equality[39m

[32m- Expected[39m
[31m+ Received[39m

[32m- 4000[39m
[31m+ 3999.999999999999[39m

[36m [2mΓ¥»[22m ../../Github/kurirdev/src/lib/calcEarning.test.ts:[2m82:19[22m[39m
    [90m 80|[39m       [90m// 20000 * (100% - 80%) = 20000 * 20% = 4000[39m
    [90m 81|[39m       [35mconst[39m res [33m=[39m [34mcalcAdminEarning[39m(order[33m,[39m defaultSettings)
    [90m 82|[39m       [34mexpect[39m(res)[33m.[39m[34mtoBe[39m([34m4000[39m)
    [90m   |[39m                   [31m^[39m
    [90m 83|[39m     })
    [90m 84|[39m

[31m[2mΓÄ»ΓÄ»ΓÄ»ΓÄ»ΓÄ»ΓÄ»ΓÄ»ΓÄ»ΓÄ»ΓÄ»ΓÄ»ΓÄ»ΓÄ»ΓÄ»ΓÄ»ΓÄ»ΓÄ»ΓÄ»ΓÄ»ΓÄ»ΓÄ»ΓÄ»ΓÄ»ΓÄ»[1/2]ΓÄ»[22m[39m

[41m[1m FAIL [22m[49m src/lib/calcEarning.test.ts[2m > [22mcalcEarning Logic[2m > [22mcalcAdminEarning[2m > [22mshould not include extra courier fees in admin earning
[31m[1mAssertionError[22m: expected 3999.999999999999 to be 4000 // Object.is equality[39m

[32m- Expected[39m
[31m+ Received[39m

[32m- 4000[39m
[31m+ 3999.999999999999[39m

[36m [2mΓ¥»[22m ../../Github/kurirdev/src/lib/calcEarning.test.ts:[2m106:19[22m[39m
    [90m104|[39m       [90m// 20000 * 20% = 4000 (extra fees only for courier)[39m
    [90m105|[39m       [35mconst[39m res [33m=[39m [34mcalcAdminEarning[39m(order[33m,[39m defaultSettings)
    [90m106|[39m       [34mexpect[39m(res)[33m.[39m[34mtoBe[39m([34m4000[39m)
    [90m   |[39m                   [31m^[39m
    [90m107|[39m     })
    [90m108|[39m   })

[31m[2mΓÄ»ΓÄ»ΓÄ»ΓÄ»ΓÄ»ΓÄ»ΓÄ»ΓÄ»ΓÄ»ΓÄ»ΓÄ»ΓÄ»ΓÄ»ΓÄ»ΓÄ»ΓÄ»ΓÄ»ΓÄ»ΓÄ»ΓÄ»ΓÄ»ΓÄ»ΓÄ»ΓÄ»[2/2]ΓÄ»[22m[39m


[2m Test Files [22m [1m[31m1 failed[39m[22m[2m | [22m[1m[32m2 passed[39m[22m[90m (3)[39m
[2m      Tests [22m [1m[31m2 failed[39m[22m[2m | [22m[1m[32m25 passed[39m[22m[90m (27)[39m
[2m   Start at [22m 06:53:53
[2m   Duration [22m 14.48s[2m (transform 356ms, setup 1.48s, import 11.20s, tests 337ms, environment 6.08s)[22m

