src/components/settings/BusinessTab.tsx(1,8): error TS6133: 'React' is declared but its value is never read.
src/components/settings/InstructionsTab.tsx(1,8): error TS6133: 'React' is declared but its value is never read.
src/components/settings/InstructionsTab.tsx(7,15): error TS2305: Module '"@/types"' has no exported member 'CourierInstruction'.
src/components/settings/PasswordTab.tsx(1,8): error TS6133: 'React' is declared but its value is never read.
src/components/settings/ProfileTab.tsx(1,8): error TS6133: 'React' is declared but its value is never read.
src/components/settings/UsersTab.tsx(1,8): error TS6133: 'React' is declared but its value is never read.
src/pages/Orders.tsx(2,26): error TS6133: 'Search' is declared but its value is never read.
src/pages/Orders.tsx(14,1): error TS6133: 'Card' is declared but its value is never read.
src/pages/Orders.tsx(21,1): error TS6192: All imports in import declaration are unused.
src/pages/Orders.tsx(281,9): error TS6133: 'getSortIcon' is declared but its value is never read.
src/pages/Orders.tsx(881,22): error TS2304: Cannot find name 'sortField'.
src/pages/Orders.tsx(882,22): error TS2304: Cannot find name 'sortOrder'.
src/pages/Settings.tsx(23,1): error TS6133: 'UserType' is declared but its value is never read.
src/pages/Settings.tsx(218,15): error TS2322: Type '(user: User, password: string) => Promise<{ success: boolean; error?: string | undefined; }>' is not assignable to type '(data: any) => Promise<{ success: boolean; error?: string | undefined; }>'.
  Target signature provides too few arguments. Expected 2 or more, but got 1.
src/pages/Settings.tsx(242,15): error TS2322: Type '(instruction: Omit<CourierInstruction, "id">) => void' is not assignable to type '(data: Omit<CourierInstruction, "id">) => Promise<void>'.
  Type 'void' is not assignable to type 'Promise<void>'.
src/pages/Settings.tsx(243,15): error TS2322: Type '(id: string, instruction: Partial<CourierInstruction>) => void' is not assignable to type '(id: string, data: CourierInstruction) => Promise<void>'.
  Type 'void' is not assignable to type 'Promise<void>'.
src/pages/Settings.tsx(244,15): error TS2322: Type '(id: string) => void' is not assignable to type '(id: string) => Promise<void>'.
  Type 'void' is not assignable to type 'Promise<void>'.
